[2026-05-13T08:02:06.206Z] [INFO] Synchronisation Git (Pull)...
[2026-05-13T08:02:07.478Z] [WARN] Config restaurée suite à modification non autorisée par Bertrand Labévue
[2026-05-13T08:06:56.102Z] [INFO] Utilisateur:Pmartin/MonitoringTargets
[2026-05-13T08:06:58.930Z] [INFO] Alerte envoyée sur : Discussion_utilisateur:Arbinger_bot
[2026-05-13T08:07:00.868Z] [INFO] Alerte envoyée sur : Discussion_utilisateur:Pmartin
[2026-05-13T08:07:01.860Z] [INFO] Alerte envoyée sur : Discussion_utilisateur:Spartan.arbinger
[2026-05-13T08:07:01.860Z] [INFO] MonitoringBot connecté à Wikipédia 🎯
[2026-05-13T08:07:01.861Z] [INFO] Synchronisation des logs...
[2026-05-13T08:07:01.878Z] [ERROR] Erreur lors de la synchronisation Git : Command failed: git checkout logs
[2026-05-13T08:07:02.792Z] [WARN] Config restaurée suite à modification non autorisée par Bertrand Labévue
[2026-05-13T08:07:03.972Z] [INFO] Alerte envoyée sur : Discussion_utilisateur:Arbinger_bot
[2026-05-13T08:07:05.752Z] [INFO] Alerte envoyée sur : Discussion_utilisateur:Pmartin
[2026-05-13T08:07:06.665Z] [INFO] Alerte envoyée sur : Discussion_utilisateur:Spartan.arbinger
[2026-05-13T08:07:21.900Z] [INFO] Synchronisation des logs...
[2026-05-13T08:07:21.916Z] [ERROR] Erreur lors de la synchronisation Git : Command failed: git checkout logs
[2026-05-13T08:07:22.728Z] [WARN] Config restaurée suite à modification non autorisée par Bertrand Labévue
[2026-05-13T08:07:41.904Z] [INFO] Synchronisation des logs...
[2026-05-13T08:07:41.918Z] [ERROR] Erreur lors de la synchronisation Git : Command failed: git checkout logs
[2026-05-13T08:07:42.717Z] [WARN] Config restaurée suite à modification non autorisée par Bertrand Labévue
[2026-05-13T08:08:01.905Z] [INFO] Synchronisation des logs...
[2026-05-13T08:08:01.921Z] [ERROR] Erreur lors de la synchronisation Git : Command failed: git checkout logs
[2026-05-13T08:08:02.801Z] [WARN] Config restaurée suite à modification non autorisée par Bertrand Labévue
[2026-05-13T08:08:21.910Z] [INFO] Synchronisation des logs...
[2026-05-13T08:08:21.925Z] [ERROR] Erreur lors de la synchronisation Git : Command failed: git checkout logs
[2026-05-13T08:08:22.740Z] [WARN] Config restaurée suite à modification non autorisée par Bertrand Labévue
[2026-05-13T08:08:41.910Z] [INFO] Synchronisation des logs...
[2026-05-13T08:08:41.924Z] [ERROR] Erreur lors de la synchronisation Git : Command failed: git checkout logs
[2026-05-13T08:08:42.770Z] [WARN] Config restaurée suite à modification non autorisée par Bertrand Labévue
[2026-05-13T08:09:01.915Z] [INFO] Synchronisation des logs...
[2026-05-13T08:09:01.931Z] [ERROR] Erreur lors de la synchronisation Git : Command failed: git checkout logs
[2026-05-13T08:09:02.760Z] [WARN] Config restaurée suite à modification non autorisée par Bertrand Labévue
[2026-05-13T08:09:21.922Z] [INFO] Synchronisation des logs...
[2026-05-13T08:09:21.938Z] [ERROR] Erreur lors de la synchronisation Git : Command failed: git checkout logs
[2026-05-13T08:09:22.811Z] [WARN] Config restaurée suite à modification non autorisée par Bertrand Labévue
[2026-05-13T08:09:41.924Z] [INFO] Synchronisation des logs...
[2026-05-13T08:09:41.938Z] [ERROR] Erreur lors de la synchronisation Git : Command failed: git checkout logs
[2026-05-13T08:09:42.808Z] [WARN] Config restaurée suite à modification non autorisée par Bertrand Labévue
[2026-05-13T08:09:56.154Z] [INFO] Utilisateur:Pmartin/MonitoringTargets
[2026-05-13T08:09:58.473Z] [INFO] Alerte envoyée sur : Discussion_utilisateur:Arbinger_bot
[2026-05-13T08:10:00.290Z] [INFO] Alerte envoyée sur : Discussion_utilisateur:Pmartin
[2026-05-13T08:10:01.147Z] [INFO] Alerte envoyée sur : Discussion_utilisateur:Spartan.arbinger
[2026-05-13T08:10:01.147Z] [INFO] MonitoringBot connecté à Wikipédia 🎯
[2026-05-13T08:10:01.148Z] [INFO] Synchronisation des logs...
[2026-05-13T08:10:01.165Z] [ERROR] Erreur lors de la synchronisation Git : Command failed: git checkout logs
[2026-05-13T08:10:02.191Z] [WARN] Config restaurée suite à modification non autorisée par Bertrand Labévue
[2026-05-13T08:10:03.441Z] [INFO] Alerte envoyée sur : Discussion_utilisateur:Arbinger_bot
[2026-05-13T08:10:05.101Z] [INFO] Alerte envoyée sur : Discussion_utilisateur:Pmartin
[2026-05-13T08:10:05.946Z] [INFO] Alerte envoyée sur : Discussion_utilisateur:Spartan.arbinger
